I'm sorry, but errors were detected in your script. Please correct the
errors listed below, and try again.


File "game/screens.rpy", line 822: expected ':' not found.
    else
        ^

Ren'Py Version: Ren'Py 8.1.3.23091805
Mon Jan 22 18:35:34 2024
